// Jest Snapshot v1, https://goo.gl/fbAQLP

exports[`should match snapshot 1`] = `
<DocumentFragment>
  <div
    class="EightBall"
    style="background-color: black;"
  >
    <div
      class="EightBall-text"
    >
      Think Of a Question
    </div>
  </div>
</DocumentFragment>
`;
